WRN 2026-07-06T18:26:19.103 ?.6157     server_start:197: Failed to start server: operation not permitted: /var/folders/g5/1ld_syf17w341rc17ld6dgm00000gn/T/nvim.faustozamparelli/mlwDnl/nvim.6157.0
WRN 2026-07-06T18:54:26.012 ?.34704    server_start:197: Failed to start server: operation not permitted: /var/folders/g5/1ld_syf17w341rc17ld6dgm00000gn/T/nvim.faustozamparelli/eRwIAD/nvim.34704.0
WRN 2026-07-06T19:21:06.507 ?.63572    server_start:197: Failed to start server: operation not permitted: /var/folders/g5/1ld_syf17w341rc17ld6dgm00000gn/T/nvim.faustozamparelli/JhXyp1/nvim.63572.0
WRN 2026-07-06T19:21:06.532 ?.63572    server_start:197: Failed to start server: operation not permitted: /var/folders/g5/1ld_syf17w341rc17ld6dgm00000gn/T/nvim.faustozamparelli/JhXyp1/fzf-lua.1783358466.63572.1
WRN 2026-07-20T01:18:39.287 ?.12418    server_start:197: Failed to start server: operation not permitted: /var/folders/mt/31kb1bjx2xb90x530l0dkzcw0000gn/T/nvim.faustozamparelli/SbtBrq/nvim.12418.0
WRN 2026-07-20T01:18:39.310 ?.12418    server_start:197: Failed to start server: operation not permitted: /var/folders/mt/31kb1bjx2xb90x530l0dkzcw0000gn/T/nvim.faustozamparelli/SbtBrq/fzf-lua.1784503119.12418.1
WRN 2026-07-20T01:23:52.993 ?.15315    server_start:197: Failed to start server: operation not permitted: /var/folders/mt/31kb1bjx2xb90x530l0dkzcw0000gn/T/nvim.faustozamparelli/eGx7rq/nvim.15315.0
WRN 2026-07-20T01:23:58.897 ?.15370    server_start:197: Failed to start server: operation not permitted: /var/folders/mt/31kb1bjx2xb90x530l0dkzcw0000gn/T/nvim.faustozamparelli/Cj2hWL/nvim.15370.0
WRN 2026-07-20T01:24:04.377 ?.15431    server_start:197: Failed to start server: operation not permitted: /var/folders/mt/31kb1bjx2xb90x530l0dkzcw0000gn/T/nvim.faustozamparelli/Najsjn/nvim.15431.0
WRN 2026-07-20T01:24:15.469 ?.15552    server_start:197: Failed to start server: operation not permitted: /var/folders/mt/31kb1bjx2xb90x530l0dkzcw0000gn/T/nvim.faustozamparelli/rGGfRD/nvim.15552.0
WRN 2026-09-07T02:26:48.807 ?.14023    server_start:197: Failed to start server: operation not permitted: /var/folders/mt/31kb1bjx2xb90x530l0dkzcw0000gn/T/nvim.faustozamparelli/PQnLFA/nvim.14023.0
WRN 2026-09-07T02:26:56.443 ?.14070    server_start:197: Failed to start server: operation not permitted: /var/folders/mt/31kb1bjx2xb90x530l0dkzcw0000gn/T/nvim.faustozamparelli/t9Ypml/nvim.14070.0
WRN 2026-09-07T02:38:02.795 ?.17948    server_start:197: Failed to start server: operation not permitted: /var/folders/mt/31kb1bjx2xb90x530l0dkzcw0000gn/T/nvim.faustozamparelli/KQUuIC/nvim.17948.0
WRN 2026-09-07T02:38:02.841 ?.17948    server_start:197: Failed to start server: operation not permitted: /var/folders/mt/31kb1bjx2xb90x530l0dkzcw0000gn/T/nvim.faustozamparelli/KQUuIC/fzf-lua.1788741482.17948.1
WRN 2026-09-08T15:36:48.070 ?.16903    server_start:197: Failed to start server: operation not permitted: /var/folders/mt/31kb1bjx2xb90x530l0dkzcw0000gn/T/nvim.faustozamparelli/vF9SEW/nvim.16903.0
WRN 2026-09-08T15:36:48.104 ?.16903    server_start:197: Failed to start server: operation not permitted: /var/folders/mt/31kb1bjx2xb90x530l0dkzcw0000gn/T/nvim.faustozamparelli/vF9SEW/fzf-lua.1788874608.16903.1
WRN 2026-09-08T15:36:48.118 ?.16902    server_start:197: Failed to start server: operation not permitted: /var/folders/mt/31kb1bjx2xb90x530l0dkzcw0000gn/T/nvim.faustozamparelli/TJxtfm/nvim.16902.0
WRN 2026-09-08T15:37:50.845 ?.17702    server_start:197: Failed to start server: operation not permitted: /var/folders/mt/31kb1bjx2xb90x530l0dkzcw0000gn/T/nvim.faustozamparelli/pqnwHe/nvim.17702.0
WRN 2026-09-08T15:39:39.399 ?.19154    server_start:197: Failed to start server: operation not permitted: /var/folders/mt/31kb1bjx2xb90x530l0dkzcw0000gn/T/nvim.faustozamparelli/FnittC/nvim.19154.0
WRN 2026-09-08T15:39:39.420 ?.19155    server_start:197: Failed to start server: operation not permitted: /var/folders/mt/31kb1bjx2xb90x530l0dkzcw0000gn/T/nvim.faustozamparelli/Zqz2dE/nvim.19155.0
WRN 2026-09-08T15:39:39.697 ?.19145    server_start:197: Failed to start server: operation not permitted: /var/folders/mt/31kb1bjx2xb90x530l0dkzcw0000gn/T/nvim.faustozamparelli/hHMOFb/nvim.19145.0
